%!Adobe-FontList 1.20
%Locale:0x404

%BeginFont
Handler:DirectoryHandler
FontType:Invalid
OutlineFileName:D:\Jess\200130_Hubble預購網站\html\Font\SamsungOne-200.eot
FileModTime:1563336946
%EndFont

%BeginFont
Handler:DirectoryHandler
FontType:TrueType
FontName:SamsungOne-200
FamilyName:SamsungOne
StyleName:200
FullName:SamsungOne-200
MenuName:SamsungOne 200
StyleBits:0
WritingScript:Roman
OutlineFileName:D:\Jess\200130_Hubble預購網站\html\Font\SamsungOne-200.ttf
DataFormat:sfntData
hasSVG:no
VariableFontType:NonVariableFont
FileLength:562520
FileModTime:1563336946
WeightClass:250
WidthClass:5
AngleClass:0
NameArray:0,Mac,4,SamsungOne-200
NameArray:0,Win,1,SamsungOne 200
NameArray:0,Win,16,SamsungOne
%EndFont

%BeginFont
Handler:DirectoryHandler
FontType:Invalid
OutlineFileName:D:\Jess\200130_Hubble預購網站\html\Font\SamsungOne-200.woff
FileModTime:1563336946
%EndFont

%BeginFont
Handler:DirectoryHandler
FontType:Invalid
OutlineFileName:D:\Jess\200130_Hubble預購網站\html\Font\SamsungOne-200.woff2
FileModTime:1563336950
%EndFont

%BeginFont
Handler:DirectoryHandler
FontType:Invalid
OutlineFileName:D:\Jess\200130_Hubble預購網站\html\Font\SamsungOne-200C.eot
FileModTime:1563337040
%EndFont

%BeginFont
Handler:DirectoryHandler
FontType:TrueType
FontName:SamsungOne-200C
FamilyName:SamsungOne
StyleName:200C
FullName:SamsungOne-200C
MenuName:SamsungOne 200C
StyleBits:0
WritingScript:Roman
OutlineFileName:D:\Jess\200130_Hubble預購網站\html\Font\SamsungOne-200C.ttf
DataFormat:sfntData
hasSVG:no
VariableFontType:NonVariableFont
FileLength:559624
FileModTime:1563337040
WeightClass:250
WidthClass:3
AngleClass:0
NameArray:0,Mac,4,SamsungOne-200C
NameArray:0,Win,1,SamsungOne 200C
NameArray:0,Win,16,SamsungOne
%EndFont

%BeginFont
Handler:DirectoryHandler
FontType:Invalid
OutlineFileName:D:\Jess\200130_Hubble預購網站\html\Font\SamsungOne-200C.woff
FileModTime:1563337040
%EndFont

%BeginFont
Handler:DirectoryHandler
FontType:Invalid
OutlineFileName:D:\Jess\200130_Hubble預購網站\html\Font\SamsungOne-200C.woff2
FileModTime:1563337042
%EndFont

%BeginFont
Handler:DirectoryHandler
FontType:Invalid
OutlineFileName:D:\Jess\200130_Hubble預購網站\html\Font\SamsungOne-300.eot
FileModTime:1563337044
%EndFont

%BeginFont
Handler:DirectoryHandler
FontType:TrueType
FontName:SamsungOne-300
FamilyName:SamsungOne
StyleName:300
FullName:SamsungOne-300
MenuName:SamsungOne 300
StyleBits:0
WritingScript:Roman
OutlineFileName:D:\Jess\200130_Hubble預購網站\html\Font\SamsungOne-300.ttf
DataFormat:sfntData
hasSVG:no
VariableFontType:NonVariableFont
FileLength:567900
FileModTime:1563337044
WeightClass:300
WidthClass:5
AngleClass:0
NameArray:0,Mac,4,SamsungOne-300
NameArray:0,Win,1,SamsungOne 300
NameArray:0,Win,16,SamsungOne
%EndFont

%BeginFont
Handler:DirectoryHandler
FontType:Invalid
OutlineFileName:D:\Jess\200130_Hubble預購網站\html\Font\SamsungOne-300.woff
FileModTime:1563337044
%EndFont

%BeginFont
Handler:DirectoryHandler
FontType:Invalid
OutlineFileName:D:\Jess\200130_Hubble預購網站\html\Font\SamsungOne-300.woff2
FileModTime:1563337046
%EndFont

%BeginFont
Handler:DirectoryHandler
FontType:Invalid
OutlineFileName:D:\Jess\200130_Hubble預購網站\html\Font\SamsungOne-300C.eot
FileModTime:1563337028
%EndFont

%BeginFont
Handler:DirectoryHandler
FontType:TrueType
FontName:SamsungOne-300C
FamilyName:SamsungOne
StyleName:300C
FullName:SamsungOne-300C
MenuName:SamsungOne 300C
StyleBits:0
WritingScript:Roman
OutlineFileName:D:\Jess\200130_Hubble預購網站\html\Font\SamsungOne-300C.ttf
DataFormat:sfntData
hasSVG:no
VariableFontType:NonVariableFont
FileLength:569772
FileModTime:1563337028
WeightClass:300
WidthClass:3
AngleClass:0
NameArray:0,Mac,4,SamsungOne-300C
NameArray:0,Win,1,SamsungOne 300C
NameArray:0,Win,16,SamsungOne
%EndFont

%BeginFont
Handler:DirectoryHandler
FontType:Invalid
OutlineFileName:D:\Jess\200130_Hubble預購網站\html\Font\SamsungOne-300C.woff
FileModTime:1563337028
%EndFont

%BeginFont
Handler:DirectoryHandler
FontType:Invalid
OutlineFileName:D:\Jess\200130_Hubble預購網站\html\Font\SamsungOne-300C.woff2
FileModTime:1563337032
%EndFont

%BeginFont
Handler:DirectoryHandler
FontType:Invalid
OutlineFileName:D:\Jess\200130_Hubble預購網站\html\Font\SamsungOne-400.eot
FileModTime:1563336954
%EndFont

%BeginFont
Handler:DirectoryHandler
FontType:TrueType
FontName:SamsungOne-400
FamilyName:SamsungOne
StyleName:400
FullName:SamsungOne-400
MenuName:SamsungOne 400
StyleBits:0
WritingScript:Roman
OutlineFileName:D:\Jess\200130_Hubble預購網站\html\Font\SamsungOne-400.ttf
DataFormat:sfntData
hasSVG:no
VariableFontType:NonVariableFont
FileLength:581140
FileModTime:1563336954
WeightClass:400
WidthClass:5
AngleClass:0
NameArray:0,Mac,4,SamsungOne-400
NameArray:0,Win,1,SamsungOne 400
NameArray:0,Win,16,SamsungOne
%EndFont

%BeginFont
Handler:DirectoryHandler
FontType:Invalid
OutlineFileName:D:\Jess\200130_Hubble預購網站\html\Font\SamsungOne-400.woff
FileModTime:1563336954
%EndFont

%BeginFont
Handler:DirectoryHandler
FontType:Invalid
OutlineFileName:D:\Jess\200130_Hubble預購網站\html\Font\SamsungOne-400.woff2
FileModTime:1563336958
%EndFont

%BeginFont
Handler:DirectoryHandler
FontType:Invalid
OutlineFileName:D:\Jess\200130_Hubble預購網站\html\Font\SamsungOne-400C.eot
FileModTime:1563337052
%EndFont

%BeginFont
Handler:DirectoryHandler
FontType:TrueType
FontName:SamsungOne-400C
FamilyName:SamsungOne
StyleName:400C
FullName:SamsungOne-400C
MenuName:SamsungOne 400C
StyleBits:0
WritingScript:Roman
OutlineFileName:D:\Jess\200130_Hubble預購網站\html\Font\SamsungOne-400C.ttf
DataFormat:sfntData
hasSVG:no
VariableFontType:NonVariableFont
FileLength:577208
FileModTime:1563337052
WeightClass:400
WidthClass:3
AngleClass:0
NameArray:0,Mac,4,SamsungOne-400C
NameArray:0,Win,1,SamsungOne 400C
NameArray:0,Win,16,SamsungOne
%EndFont

%BeginFont
Handler:DirectoryHandler
FontType:Invalid
OutlineFileName:D:\Jess\200130_Hubble預購網站\html\Font\SamsungOne-400C.woff
FileModTime:1563337052
%EndFont

%BeginFont
Handler:DirectoryHandler
FontType:Invalid
OutlineFileName:D:\Jess\200130_Hubble預購網站\html\Font\SamsungOne-400C.woff2
FileModTime:1563337056
%EndFont

%BeginFont
Handler:DirectoryHandler
FontType:Invalid
OutlineFileName:D:\Jess\200130_Hubble預購網站\html\Font\SamsungOne-450.eot
FileModTime:1563337122
%EndFont

%BeginFont
Handler:DirectoryHandler
FontType:TrueType
FontName:SamsungOne-450
FamilyName:SamsungOne
StyleName:450
FullName:SamsungOne-450
MenuName:SamsungOne 450
StyleBits:0
WritingScript:Roman
OutlineFileName:D:\Jess\200130_Hubble預購網站\html\Font\SamsungOne-450.ttf
DataFormat:sfntData
hasSVG:no
VariableFontType:NonVariableFont
FileLength:584308
FileModTime:1563337122
WeightClass:450
WidthClass:5
AngleClass:0
NameArray:0,Mac,4,SamsungOne-450
NameArray:0,Win,1,SamsungOne 450
NameArray:0,Win,16,SamsungOne
%EndFont

%BeginFont
Handler:DirectoryHandler
FontType:Invalid
OutlineFileName:D:\Jess\200130_Hubble預購網站\html\Font\SamsungOne-450.woff
FileModTime:1563337122
%EndFont

%BeginFont
Handler:DirectoryHandler
FontType:Invalid
OutlineFileName:D:\Jess\200130_Hubble預購網站\html\Font\SamsungOne-450.woff2
FileModTime:1563337126
%EndFont

%BeginFont
Handler:DirectoryHandler
FontType:Invalid
OutlineFileName:D:\Jess\200130_Hubble預購網站\html\Font\SamsungOne-450C.eot
FileModTime:1563336962
%EndFont

%BeginFont
Handler:DirectoryHandler
FontType:TrueType
FontName:SamsungOne-450C
FamilyName:SamsungOne
StyleName:450C
FullName:SamsungOne-450C
MenuName:SamsungOne 450C
StyleBits:0
WritingScript:Roman
OutlineFileName:D:\Jess\200130_Hubble預購網站\html\Font\SamsungOne-450C.ttf
DataFormat:sfntData
hasSVG:no
VariableFontType:NonVariableFont
FileLength:586304
FileModTime:1563336962
WeightClass:450
WidthClass:3
AngleClass:0
NameArray:0,Mac,4,SamsungOne-450C
NameArray:0,Win,1,SamsungOne 450C
NameArray:0,Win,16,SamsungOne
%EndFont

%BeginFont
Handler:DirectoryHandler
FontType:Invalid
OutlineFileName:D:\Jess\200130_Hubble預購網站\html\Font\SamsungOne-450C.woff
FileModTime:1563336962
%EndFont

%BeginFont
Handler:DirectoryHandler
FontType:Invalid
OutlineFileName:D:\Jess\200130_Hubble預購網站\html\Font\SamsungOne-450C.woff2
FileModTime:1563336964
%EndFont

%BeginFont
Handler:DirectoryHandler
FontType:Invalid
OutlineFileName:D:\Jess\200130_Hubble預購網站\html\Font\SamsungOne-500.eot
FileModTime:1563337032
%EndFont

%BeginFont
Handler:DirectoryHandler
FontType:TrueType
FontName:SamsungOne-500
FamilyName:SamsungOne
StyleName:500
FullName:SamsungOne-500
MenuName:SamsungOne 500
StyleBits:0
WritingScript:Roman
OutlineFileName:D:\Jess\200130_Hubble預購網站\html\Font\SamsungOne-500.ttf
DataFormat:sfntData
hasSVG:no
VariableFontType:NonVariableFont
FileLength:598532
FileModTime:1563337032
WeightClass:500
WidthClass:5
AngleClass:0
NameArray:0,Mac,4,SamsungOne-500
NameArray:0,Win,1,SamsungOne 500
NameArray:0,Win,16,SamsungOne
%EndFont

%BeginFont
Handler:DirectoryHandler
FontType:Invalid
OutlineFileName:D:\Jess\200130_Hubble預購網站\html\Font\SamsungOne-500.woff
FileModTime:1563337032
%EndFont

%BeginFont
Handler:DirectoryHandler
FontType:Invalid
OutlineFileName:D:\Jess\200130_Hubble預購網站\html\Font\SamsungOne-500.woff2
FileModTime:1563337034
%EndFont

%BeginFont
Handler:DirectoryHandler
FontType:Invalid
OutlineFileName:D:\Jess\200130_Hubble預購網站\html\Font\SamsungOne-500C.eot
FileModTime:1563336958
%EndFont

%BeginFont
Handler:DirectoryHandler
FontType:TrueType
FontName:SamsungOne-500C
FamilyName:SamsungOne
StyleName:500C
FullName:SamsungOne-500C
MenuName:SamsungOne 500C
StyleBits:0
WritingScript:Roman
OutlineFileName:D:\Jess\200130_Hubble預購網站\html\Font\SamsungOne-500C.ttf
DataFormat:sfntData
hasSVG:no
VariableFontType:NonVariableFont
FileLength:587308
FileModTime:1563336958
WeightClass:500
WidthClass:3
AngleClass:0
NameArray:0,Mac,4,SamsungOne-500C
NameArray:0,Win,1,SamsungOne 500C
NameArray:0,Win,16,SamsungOne
%EndFont

%BeginFont
Handler:DirectoryHandler
FontType:Invalid
OutlineFileName:D:\Jess\200130_Hubble預購網站\html\Font\SamsungOne-500C.woff
FileModTime:1563336958
%EndFont

%BeginFont
Handler:DirectoryHandler
FontType:Invalid
OutlineFileName:D:\Jess\200130_Hubble預購網站\html\Font\SamsungOne-500C.woff2
FileModTime:1563336960
%EndFont

%BeginFont
Handler:DirectoryHandler
FontType:Invalid
OutlineFileName:D:\Jess\200130_Hubble預購網站\html\Font\SamsungOne-600.eot
FileModTime:1563337056
%EndFont

%BeginFont
Handler:DirectoryHandler
FontType:TrueType
FontName:SamsungOne-600
FamilyName:SamsungOne
StyleName:600
FullName:SamsungOne-600
MenuName:SamsungOne 600
StyleBits:0
WritingScript:Roman
OutlineFileName:D:\Jess\200130_Hubble預購網站\html\Font\SamsungOne-600.ttf
DataFormat:sfntData
hasSVG:no
VariableFontType:NonVariableFont
FileLength:579596
FileModTime:1563337056
WeightClass:600
WidthClass:5
AngleClass:0
NameArray:0,Mac,4,SamsungOne-600
NameArray:0,Win,1,SamsungOne 600
NameArray:0,Win,16,SamsungOne
%EndFont

%BeginFont
Handler:DirectoryHandler
FontType:Invalid
OutlineFileName:D:\Jess\200130_Hubble預購網站\html\Font\SamsungOne-600.woff
FileModTime:1563337056
%EndFont

%BeginFont
Handler:DirectoryHandler
FontType:Invalid
OutlineFileName:D:\Jess\200130_Hubble預購網站\html\Font\SamsungOne-600.woff2
FileModTime:1563337060
%EndFont

%BeginFont
Handler:DirectoryHandler
FontType:Invalid
OutlineFileName:D:\Jess\200130_Hubble預購網站\html\Font\SamsungOne-600C.eot
FileModTime:1563337036
%EndFont

%BeginFont
Handler:DirectoryHandler
FontType:TrueType
FontName:SamsungOne-600C
FamilyName:SamsungOne
StyleName:600C
FullName:SamsungOne-600C
MenuName:SamsungOne 600C
StyleBits:0
WritingScript:Roman
OutlineFileName:D:\Jess\200130_Hubble預購網站\html\Font\SamsungOne-600C.ttf
DataFormat:sfntData
hasSVG:no
VariableFontType:NonVariableFont
FileLength:583112
FileModTime:1563337036
WeightClass:600
WidthClass:3
AngleClass:0
NameArray:0,Mac,4,SamsungOne-600C
NameArray:0,Win,1,SamsungOne 600C
NameArray:0,Win,16,SamsungOne
%EndFont

%BeginFont
Handler:DirectoryHandler
FontType:Invalid
OutlineFileName:D:\Jess\200130_Hubble預購網站\html\Font\SamsungOne-600C.woff
FileModTime:1563337036
%EndFont

%BeginFont
Handler:DirectoryHandler
FontType:Invalid
OutlineFileName:D:\Jess\200130_Hubble預購網站\html\Font\SamsungOne-600C.woff2
FileModTime:1563337038
%EndFont

%BeginFont
Handler:DirectoryHandler
FontType:Invalid
OutlineFileName:D:\Jess\200130_Hubble預購網站\html\Font\SamsungOne-700.eot
FileModTime:1563337118
%EndFont

%BeginFont
Handler:DirectoryHandler
FontType:TrueType
FontName:SamsungOne-700
FamilyName:SamsungOne
StyleName:700
FullName:SamsungOne-700
MenuName:SamsungOne 700
StyleBits:0
WritingScript:Roman
OutlineFileName:D:\Jess\200130_Hubble預購網站\html\Font\SamsungOne-700.ttf
DataFormat:sfntData
hasSVG:no
VariableFontType:NonVariableFont
FileLength:581012
FileModTime:1563337118
WeightClass:700
WidthClass:5
AngleClass:0
NameArray:0,Mac,4,SamsungOne-700
NameArray:0,Win,1,SamsungOne 700
NameArray:0,Win,16,SamsungOne
%EndFont

%BeginFont
Handler:DirectoryHandler
FontType:Invalid
OutlineFileName:D:\Jess\200130_Hubble預購網站\html\Font\SamsungOne-700.woff
FileModTime:1563337118
%EndFont

%BeginFont
Handler:DirectoryHandler
FontType:Invalid
OutlineFileName:D:\Jess\200130_Hubble預購網站\html\Font\SamsungOne-700.woff2
FileModTime:1563337122
%EndFont

%BeginFont
Handler:DirectoryHandler
FontType:Invalid
OutlineFileName:D:\Jess\200130_Hubble預購網站\html\Font\SamsungOne-700C.eot
FileModTime:1563336950
%EndFont

%BeginFont
Handler:DirectoryHandler
FontType:TrueType
FontName:SamsungOne-700C
FamilyName:SamsungOne
StyleName:700C
FullName:SamsungOne-700C
MenuName:SamsungOne 700C
StyleBits:0
WritingScript:Roman
OutlineFileName:D:\Jess\200130_Hubble預購網站\html\Font\SamsungOne-700C.ttf
DataFormat:sfntData
hasSVG:no
VariableFontType:NonVariableFont
FileLength:579356
FileModTime:1563336950
WeightClass:700
WidthClass:3
AngleClass:0
NameArray:0,Mac,4,SamsungOne-700C
NameArray:0,Win,1,SamsungOne 700C
NameArray:0,Win,16,SamsungOne
%EndFont

%BeginFont
Handler:DirectoryHandler
FontType:Invalid
OutlineFileName:D:\Jess\200130_Hubble預購網站\html\Font\SamsungOne-700C.woff
FileModTime:1563336950
%EndFont

%BeginFont
Handler:DirectoryHandler
FontType:Invalid
OutlineFileName:D:\Jess\200130_Hubble預購網站\html\Font\SamsungOne-700C.woff2
FileModTime:1563336954
%EndFont

%BeginFont
Handler:DirectoryHandler
FontType:Invalid
OutlineFileName:D:\Jess\200130_Hubble預購網站\html\Font\SamsungOne-800.eot
FileModTime:1563337048
%EndFont

%BeginFont
Handler:DirectoryHandler
FontType:TrueType
FontName:SamsungOne-800
FamilyName:SamsungOne
StyleName:800
FullName:SamsungOne-800
MenuName:SamsungOne 800
StyleBits:0
WritingScript:Roman
OutlineFileName:D:\Jess\200130_Hubble預購網站\html\Font\SamsungOne-800.ttf
DataFormat:sfntData
hasSVG:no
VariableFontType:NonVariableFont
FileLength:582236
FileModTime:1563337048
WeightClass:800
WidthClass:5
AngleClass:0
NameArray:0,Mac,4,SamsungOne-800
NameArray:0,Win,1,SamsungOne 800
NameArray:0,Win,16,SamsungOne
%EndFont

%BeginFont
Handler:DirectoryHandler
FontType:Invalid
OutlineFileName:D:\Jess\200130_Hubble預購網站\html\Font\SamsungOne-800.woff
FileModTime:1563337048
%EndFont

%BeginFont
Handler:DirectoryHandler
FontType:Invalid
OutlineFileName:D:\Jess\200130_Hubble預購網站\html\Font\SamsungOne-800.woff2
FileModTime:1563337052
%EndFont

%BeginFont
Handler:DirectoryHandler
FontType:Invalid
OutlineFileName:D:\Jess\200130_Hubble預購網站\html\Font\SamsungOne-800C.eot
FileModTime:1563336990
%EndFont

%BeginFont
Handler:DirectoryHandler
FontType:TrueType
FontName:SamsungOne-800C
FamilyName:SamsungOne
StyleName:800C
FullName:SamsungOne-800C
MenuName:SamsungOne 800C
StyleBits:0
WritingScript:Roman
OutlineFileName:D:\Jess\200130_Hubble預購網站\html\Font\SamsungOne-800C.ttf
DataFormat:sfntData
hasSVG:no
VariableFontType:NonVariableFont
FileLength:583028
FileModTime:1563336990
WeightClass:800
WidthClass:3
AngleClass:0
NameArray:0,Mac,4,SamsungOne-800C
NameArray:0,Win,1,SamsungOne 800C
NameArray:0,Win,16,SamsungOne
%EndFont

%BeginFont
Handler:DirectoryHandler
FontType:Invalid
OutlineFileName:D:\Jess\200130_Hubble預購網站\html\Font\SamsungOne-800C.woff
FileModTime:1563336990
%EndFont

%BeginFont
Handler:DirectoryHandler
FontType:Invalid
OutlineFileName:D:\Jess\200130_Hubble預購網站\html\Font\SamsungOne-800C.woff2
FileModTime:1563336994
%EndFont

%BeginFont
Handler:DirectoryHandler
FontType:Invalid
OutlineFileName:D:\Jess\200130_Hubble預購網站\html\Font\SamsungOneSCN-450.eot
FileModTime:1563336998
%EndFont

%BeginFont
Handler:DirectoryHandler
FontType:TrueType
FontName:SamsungOneSCN-450
FamilyName:SamsungOneSCN
StyleName:450
FullName:SamsungOneSCN 450
MenuName:SamsungOneSCN 450
StyleBits:0
FamilyNameNative:SamsungOneSCN
StyleNameNative:450
FullNameNative:SamsungOneSCN 450
WritingScript:SimplifiedChinese
OutlineFileName:D:\Jess\200130_Hubble預購網站\html\Font\SamsungOneSCN-450.ttf
DataFormat:sfntData
hasSVG:no
VariableFontType:NonVariableFont
FileLength:8065400
FileModTime:1563336998
WeightClass:400
WidthClass:5
AngleClass:0
NameArray:0,Mac,4,SamsungOneSCN 450
NameArray:0,Win,1,SamsungOneSCN 450
NameArray:0,Win,16,SamsungOneSCN
NameArray:25,Win,1,SamsungOneSCN 450
NameArray:25,Win,16,SamsungOneSCN
%EndFont

%BeginFont
Handler:DirectoryHandler
FontType:Invalid
OutlineFileName:D:\Jess\200130_Hubble預購網站\html\Font\SamsungOneSCN-450.woff
FileModTime:1563336998
%EndFont

%BeginFont
Handler:DirectoryHandler
FontType:Invalid
OutlineFileName:D:\Jess\200130_Hubble預購網站\html\Font\SamsungOneSCN-450.woff2
FileModTime:1563337026
%EndFont

%BeginFont
Handler:DirectoryHandler
FontType:Invalid
OutlineFileName:D:\Jess\200130_Hubble預購網站\html\Font\SamsungOneSCN-600.eot
FileModTime:1563337088
%EndFont

%BeginFont
Handler:DirectoryHandler
FontType:TrueType
FontName:SamsungOneSCN-600
FamilyName:SamsungOneSCN
StyleName:600
FullName:SamsungOneSCN 600
MenuName:SamsungOneSCN 600
StyleBits:0
FamilyNameNative:SamsungOneSCN
StyleNameNative:600
FullNameNative:SamsungOneSCN 600
WritingScript:SimplifiedChinese
OutlineFileName:D:\Jess\200130_Hubble預購網站\html\Font\SamsungOneSCN-600.ttf
DataFormat:sfntData
hasSVG:no
VariableFontType:NonVariableFont
FileLength:8028600
FileModTime:1563337088
WeightClass:600
WidthClass:5
AngleClass:0
NameArray:0,Mac,4,SamsungOneSCN 600
NameArray:0,Win,1,SamsungOneSCN 600
NameArray:0,Win,16,SamsungOneSCN
NameArray:25,Win,1,SamsungOneSCN 600
NameArray:25,Win,16,SamsungOneSCN
%EndFont

%BeginFont
Handler:DirectoryHandler
FontType:Invalid
OutlineFileName:D:\Jess\200130_Hubble預購網站\html\Font\SamsungOneSCN-600.woff
FileModTime:1563337090
%EndFont

%BeginFont
Handler:DirectoryHandler
FontType:Invalid
OutlineFileName:D:\Jess\200130_Hubble預購網站\html\Font\SamsungOneSCN-600.woff2
FileModTime:1563337118
%EndFont

%BeginFont
Handler:DirectoryHandler
FontType:Invalid
OutlineFileName:D:\Jess\200130_Hubble預購網站\html\Font\SamsungOneTCN-450.eot
FileModTime:1563337062
%EndFont

%BeginFont
Handler:DirectoryHandler
FontType:TrueType
FontName:SamsungOneTCN-450
FamilyName:SamsungOneTCN
StyleName:450
FullName:SamsungOneTCN 450
MenuName:SamsungOneTCN 450
StyleBits:0
FamilyNameNative:SamsungOneTCN
StyleNameNative:450
FullNameNative:SamsungOneTCN 450
WritingScript:SimplifiedChinese
OutlineFileName:D:\Jess\200130_Hubble預購網站\html\Font\SamsungOneTCN-450.ttf
DataFormat:sfntData
hasSVG:no
VariableFontType:NonVariableFont
FileLength:5452964
FileModTime:1563337062
WeightClass:400
WidthClass:5
AngleClass:0
NameArray:0,Mac,4,SamsungOneTCN 450
NameArray:0,Win,1,SamsungOneTCN 450
NameArray:0,Win,16,SamsungOneTCN
NameArray:25,Win,1,SamsungOneTCN 450
NameArray:25,Win,16,SamsungOneTCN
%EndFont

%BeginFont
Handler:DirectoryHandler
FontType:Invalid
OutlineFileName:D:\Jess\200130_Hubble預購網站\html\Font\SamsungOneTCN-450.woff
FileModTime:1563337062
%EndFont

%BeginFont
Handler:DirectoryHandler
FontType:Invalid
OutlineFileName:D:\Jess\200130_Hubble預購網站\html\Font\SamsungOneTCN-450.woff2
FileModTime:1563337084
%EndFont

%BeginFont
Handler:DirectoryHandler
FontType:Invalid
OutlineFileName:D:\Jess\200130_Hubble預購網站\html\Font\SamsungOneTCN-600.eot
FileModTime:1563336968
%EndFont

%BeginFont
Handler:DirectoryHandler
FontType:TrueType
FontName:SamsungOneTCN-600
FamilyName:SamsungOneTCN
StyleName:600
FullName:SamsungOneTCN 600
MenuName:SamsungOneTCN 600
StyleBits:0
FamilyNameNative:SamsungOneTCN
StyleNameNative:600
FullNameNative:SamsungOneTCN 600
WritingScript:SimplifiedChinese
OutlineFileName:D:\Jess\200130_Hubble預購網站\html\Font\SamsungOneTCN-600.ttf
DataFormat:sfntData
hasSVG:no
VariableFontType:NonVariableFont
FileLength:5430052
FileModTime:1563336968
WeightClass:600
WidthClass:5
AngleClass:0
NameArray:0,Mac,4,SamsungOneTCN 600
NameArray:0,Win,1,SamsungOneTCN 600
NameArray:0,Win,16,SamsungOneTCN
NameArray:25,Win,1,SamsungOneTCN 600
NameArray:25,Win,16,SamsungOneTCN
%EndFont

%BeginFont
Handler:DirectoryHandler
FontType:Invalid
OutlineFileName:D:\Jess\200130_Hubble預購網站\html\Font\SamsungOneTCN-600.woff
FileModTime:1563336968
%EndFont

%BeginFont
Handler:DirectoryHandler
FontType:Invalid
OutlineFileName:D:\Jess\200130_Hubble預購網站\html\Font\SamsungOneTCN-600.woff2
FileModTime:1563336990
%EndFont

%BeginFont
Handler:DirectoryHandler
FontType:Invalid
OutlineFileName:D:\Jess\200130_Hubble預購網站\html\Font\SamsungSharpSans-Bold.eot
FileModTime:1563337052
%EndFont

%BeginFont
Handler:DirectoryHandler
FontType:TrueType
FontName:SamsungSharpSans-Bold
FamilyName:Samsung Sharp Sans
StyleName:Bold
FullName:SamsungSharpSans-Bold
MenuName:Samsung Sharp Sans Bold
StyleBits:0
WritingScript:Roman
OutlineFileName:D:\Jess\200130_Hubble預購網站\html\Font\SamsungSharpSans-Bold.ttf
DataFormat:sfntData
hasSVG:no
VariableFontType:NonVariableFont
FileLength:167456
FileModTime:1563337052
WeightClass:700
WidthClass:5
AngleClass:0
NameArray:0,Mac,4,SamsungSharpSans-Bold
NameArray:0,Win,1,Samsung Sharp Sans Bold
NameArray:0,Win,16,Samsung Sharp Sans
%EndFont

%BeginFont
Handler:DirectoryHandler
FontType:Invalid
OutlineFileName:D:\Jess\200130_Hubble預購網站\html\Font\SamsungSharpSans-Bold.woff
FileModTime:1563337052
%EndFont

%BeginFont
Handler:DirectoryHandler
FontType:Invalid
OutlineFileName:D:\Jess\200130_Hubble預購網站\html\Font\SamsungSharpSans-Bold.woff2
FileModTime:1563337052
%EndFont

%BeginFont
Handler:DirectoryHandler
FontType:Invalid
OutlineFileName:D:\Jess\200130_Hubble預購網站\html\Font\SamsungSharpSans-Medium.eot
FileModTime:1563337028
%EndFont

%BeginFont
Handler:DirectoryHandler
FontType:TrueType
FontName:SamsungSharpSans-Medium
FamilyName:Samsung Sharp Sans
StyleName:Medium
FullName:SamsungSharpSans-Medium
MenuName:Samsung Sharp Sans Medium
StyleBits:0
WritingScript:Roman
OutlineFileName:D:\Jess\200130_Hubble預購網站\html\Font\SamsungSharpSans-Medium.ttf
DataFormat:sfntData
hasSVG:no
VariableFontType:NonVariableFont
FileLength:166196
FileModTime:1563337028
WeightClass:700
WidthClass:5
AngleClass:0
NameArray:0,Mac,4,SamsungSharpSans-Medium
NameArray:0,Win,1,Samsung Sharp Sans Medium
NameArray:0,Win,16,Samsung Sharp Sans
%EndFont

%BeginFont
Handler:DirectoryHandler
FontType:Invalid
OutlineFileName:D:\Jess\200130_Hubble預購網站\html\Font\SamsungSharpSans-Medium.woff
FileModTime:1563337028
%EndFont

%BeginFont
Handler:DirectoryHandler
FontType:Invalid
OutlineFileName:D:\Jess\200130_Hubble預購網站\html\Font\SamsungSharpSans-Medium.woff2
FileModTime:1563337028
%EndFont

%BeginFont
Handler:DirectoryHandler
FontType:Invalid
OutlineFileName:D:\Jess\200130_Hubble預購網站\html\Font\SamsungSharpSans-Regular.eot
FileModTime:1563337042
%EndFont

%BeginFont
Handler:DirectoryHandler
FontType:TrueType
FontName:SamsungSharpSans-Regular
FamilyName:Samsung Sharp Sans
StyleName:Regular
FullName:SamsungSharpSans-Regular
MenuName:Samsung Sharp Sans Regular
StyleBits:0
WritingScript:Roman
OutlineFileName:D:\Jess\200130_Hubble預購網站\html\Font\SamsungSharpSans-Regular.ttf
DataFormat:sfntData
hasSVG:no
VariableFontType:NonVariableFont
FileLength:164012
FileModTime:1563337042
WeightClass:700
WidthClass:5
AngleClass:0
NameArray:0,Mac,4,SamsungSharpSans-Regular
NameArray:0,Win,1,Samsung Sharp Sans Regular
NameArray:0,Win,16,Samsung Sharp Sans
%EndFont

%BeginFont
Handler:DirectoryHandler
FontType:Invalid
OutlineFileName:D:\Jess\200130_Hubble預購網站\html\Font\SamsungSharpSans-Regular.woff
FileModTime:1563337042
%EndFont

%BeginFont
Handler:DirectoryHandler
FontType:Invalid
OutlineFileName:D:\Jess\200130_Hubble預購網站\html\Font\SamsungSharpSans-Regular.woff2
FileModTime:1563337044
%EndFont

